[dotenv@17.2.3] injecting env (14) from .env.local -- tip: 🔐 encrypt with Dotenvx: https://dotenvx.com
🚀 开始批量翻译
   工具总数: 346
   起始位置: 169
   翻译数量: 全部

📦 使用模型: THUDM/glm-4-9b-chat

[170/346] mime-type-lookup
  zh... ✓  ja... ✓  ko... ✓  es... ✓  pt... ✓  fr... ✓  de... ✓  ru... ✓  ar... ✓
[171/346] http-status-codes
  zh... ✓  ja... ✓  ko... ✓  es... ✓  pt... ✓  fr... ✓  de... ✓  ru... ✓  ar... ✓
[172/346] string-obfuscator
  zh... ✓  ja... ✓  ko... ✓  es... ✓  pt... ✓  fr... ✓  de... ✓  ru... ✓  ar... ✓
[173/346] text-cleaner
  zh... ✓  ja... ✓  ko... ✓  es... ✓  pt... ✗  fr... ✗  de... ✗  ru... ✗  ar... ✗
[174/346] list-randomizer
  zh... ✗  ja... ✗  ko... ✗  es... ✗  pt... ✗  fr... ✗  de... ✗  ru... ✗  ar... ✓
[175/346] sql-generator
  zh... ✓  ja... ✓  ko... ✓  es... ✓  pt... ✓  fr... ✓  de... ✓  ru... ✓  ar... ✓
[176/346] htaccess-to-nginx
  zh... ✓  ja... ✓  ko... ✓  es... ✓  pt... ✓  fr... ✓  de... ✓  ru... ✓  ar... ✓
[177/346] js-obfuscator
  zh... ✓  ja... ✓  ko... ✓  es... ✓  pt... ✓  fr... ✓  de... ✓  ru... ✓  ar... ✓
[178/346] image-watermark
  zh... ✓  ja... ✓  ko... ✓  es... ✓  pt... ✓  fr... ✓  de... ✗  ru... ✗  ar... ✗
[179/346] svg-to-image
  zh... ✗  ja... ✗  ko... ✗  es... ✗  pt... ✗  fr... ✗  de... ✗  ru... ✗  ar... ✗
[180/346] hex-base64-converter
  zh... ✗  ja... ✗  ko... ✗  es... ✗  pt... ✗  fr... ✗  de... ✗  ru... ✗  ar... ✗
[181/346] pdf-to-base64
  zh... ✗  ja... ✗  ko... ✗  es... ✗  pt... ✗  fr... ✗  de... ✗  ru... ✗  ar... ✗
[182/346] audio-to-base64
  zh... ✗  ja... ✗  ko... ✗  es... ✗  pt... ✗  fr... ✗  de... ✗  ru... ✗  ar... ✗
[183/346] video-to-base64
  zh... ✓  ja... ✓  ko... ✓  es... ✓  pt... ✗  fr... ✗  de... ✗  ru... ✗  ar... ✗
[184/346] file-size-calculator
  zh... ✗  ja... ✗  ko... ✗  es... ✗  pt... ✗  fr... ✗  de... ✗  ru... ✗  ar... ✗
[185/346] ascii-table
  zh... ✗  ja... ✗  ko... ✗  es... ✗  pt... ✗  fr... ✗  de... ✗  ru... ✗  ar... ✗
[186/346] text-to-hex
  zh... ✗  ja... ✗  ko... ✗  es... ✗  pt... ✗  fr... ✗  de... ✗  ru... ✗  ar... ✗
[187/346] css-variables-generator
  zh... ✗  ja... ✗  ko... ✗  es... ✗  pt... ✗  fr... ✗  de... ✗  ru... ✗  ar... ✗
[188/346] lorem-picsum
  zh... ✗  ja... ✗  ko... ✗  es... ✗  pt... ✗  fr... ✗  de... ✗  ru... ✗  ar... ✗
[189/346] regex-escape
  zh... ✗  ja... ✗  ko... ✗  es... ✗  pt... ✗  fr... ✗  de... ✗  ru... ✗  ar... ✗
[190/346] html-to-text
  zh... ✓  ja... ✓  ko... ✓  es... ✓  pt... ✓  fr... ✗  de... ✗  ru... ✗  ar... ✗
[191/346] binary-to-decimal
  zh... ✗  ja... ✗  ko... ✗  es... ✗  pt... ✗  fr... ✗  de... ✗  ru... ✗  ar... ✗
[192/346] octal-converter
  zh... ✗  ja... ✗  ko... ✗  es... ✗  pt... ✗  fr... ✗  de... ✗  ru... ✗  ar... ✗
[193/346] text-to-nato
  zh... ✗  ja... ✗  ko... ✗  es... ✗  pt... ✗  fr... ✗  de... ✗  ru... ✗  ar... ✗
[194/346] crc32-calculator
  zh... ✗  ja... ✗  ko... ✗  es... ✗  pt... ✗  fr... ✗  de... ✗  ru... ✗  ar... ✗
[195/346] mac-address-generator
  zh... ✗  ja... ✗  ko... ✗  es... ✗  pt... ✓  fr... ✓  de... ✓  ru... ✓  ar... ✓
[196/346] curl-to-code
  zh... ✓  ja... ✓  ko... ✓  es... ✓  pt... ✓  fr... ✓  de... ✓  ru... ✓  ar... ✓
[197/346] ip-validator
  zh... ✓  ja... ✓  ko... ✓  es... ✓  pt... ✓  fr... ✓  de... ✓  ru... ✓  ar... ✓
[198/346] json-merger
  zh... ✓  ja... ✓  ko... ✓  es... ✓  pt... ✓  fr... ✓  de... ✓  ru... ✓  ar... ✓
[199/346] text-template
  zh... ✓  ja... ✓  ko... ✗  es... ✗  pt... ✗  fr... ✗  de... ✗  ru... ✗  ar... ✗
[200/346] base-calculator
  zh... ✗  ja... ✗  ko... ✗  es... ✗  pt... ✗  fr... ✗  de... ✗  ru... ✗  ar... ✗
[201/346] color-name-finder
  zh... ✗  ja... ✗  ko... ✗  es... ✗  pt... ✗  fr... ✗  de... ✗  ru... ✗  ar... ✗
[202/346] char-frequency
  zh... ✗  ja... ✗  ko... ✗  es... ✗  pt... ✗  fr... ✗  de... ✗  ru... ✗  ar... ✗
[203/346] json-to-dart
  zh... ✗  ja... ✗  ko... ✗  es... ✗  pt... ✗  fr... ✗  de... ✗  ru... ✗  ar... ✗
[204/346] sql-to-json
  zh... ✗  ja... ✓  ko... ✓  es... ✓  pt... ✓  fr... ✓  de... ✓  ru... ✓  ar... ✗
[205/346] bar-chart-generator
  zh... ✗  ja... ✗  ko... ✗  es... ✗  pt... ✗  fr... ✗  de... ✗  ru... ✗  ar... ✗
[206/346] line-chart-generator
  zh... ✗  ja... ✗  ko... ✗  es... ✗  pt... ✗  fr... ✗  de... ✗  ru... ✗  ar... ✗
[207/346] pie-chart-generator
  zh... ✗  ja... ✗  ko... ✗  es... ✓  pt... ✓  fr... ✓  de... ✓  ru... ✓  ar... ✓
[208/346] radar-chart-generator
  zh... ✓  ja... ✓  ko... ✓  es... ✓  pt... ✓  fr... ✓  de... ✓  ru... ✓  ar... ✓
[209/346] scatter-chart-generator
  zh... ✓  ja... ✓  ko... ✓  es... ✓  pt... ✓  fr... ✓  de... ✓  ru... ✓  ar... ✓
[210/346] area-chart-generator
  zh... ✓  ja... ✓  ko... ✓  es... ✓  pt... ✓  fr... ✓  de... ✓  ru... ✓  ar... ✗
[211/346] funnel-chart-generator
  zh... ✗  ja... ✗  ko... ✗  es... ✗  pt... ✗  fr... ✗  de... ✗  ru... ✗  ar... ✓
[212/346] gauge-chart-generator
  zh... ✓  ja... ✓  ko... ✓  es... ✗  pt... ✗  fr... ✗  de... ✗  ru... ✗  ar... ✗
[213/346] heatmap-chart-generator
  zh... ✗  ja... ✗  ko... ✗  es... ✗  pt... ✗  fr... ✗  de... ✗  ru... ✗  ar... ✗
[214/346] treemap-chart-generator
  zh... ✓  ja... ✓  ko... ✓  es... ✓  pt... ✓  fr... ✓  de... ✓  ru... ✓  ar... ✓
[215/346] doughnut-chart-generator
  zh... ✓  ja... ✓  ko... ✓  es... ✓  pt... ✓  fr... ✓  de... ✓  ru... ✓  ar... ✓
[216/346] sankey-chart-generator
  zh... ✓  ja... ✓  ko... ✓  es... ✓  pt... ✓  fr... ✓  de... ✓  ru... ✓  ar... ✓
[217/346] sunburst-chart-generator
  zh... ✓  ja... ✓  ko... ✗  es... ✗  pt... ✓  fr... ✓  de... ✓  ru... ✓  ar... ✗
[218/346] candlestick-chart-generator
  zh... ✗  ja... ✗  ko... ✗  es... ✗  pt... ✗  fr... ✓  de... ✓  ru... ✓  ar... ✓
[219/346] boxplot-chart-generator
  zh... ✓  ja... ✓  ko... ✓  es... ✓  pt... ✓  fr... ✓  de... ✓  ru... ✓  ar... ✗
[220/346] wordcloud-generator
  zh... ✗  ja... ✗  ko... ✗  es... ✗  pt... ✗  fr... ✗  de... ✗  ru... ✗  ar... ✗
[221/346] graph-chart-generator
  zh... ✗  ja... ✗  ko... ✗  es... ✗  pt... ✗  fr... ✗  de... ✗  ru... ✗  ar... ✗
[222/346] calendar-heatmap-generator
  zh... ✗  ja... ✗  ko... ✗  es... ✗  pt... ✗  fr... ✗  de... ✗  ru... ✗  ar... ✗
[223/346] polar-bar-chart-generator
  zh... ✗  ja... ✗  ko... ✗  es... ✗  pt... ✗  fr... ✗  de... ✓  ru... ✓  ar... ✓
[224/346] parallel-chart-generator
  zh... ✓  ja... ✗  ko... ✗  es... ✗  pt... ✗  fr... ✗  de... ✗  ru... ✗  ar... ✗
[225/346] bubble-chart-generator
  zh... ✗  ja... ✗  ko... ✓  es... ✓  pt... ✓  fr... ✓  de... ✗  ru... ✗  ar... ✗
[226/346] tree-chart-generator
  zh... ✗  ja... ✗  ko... ✗  es... ✗  pt... ✗  fr... ✗  de... ✗  ru... ✗  ar... ✗
[227/346] theme-river-generator
  zh... ✗  ja... ✗  ko... ✗  es... ✗  pt... ✗  fr... ✗  de... ✗  ru... ✗  ar... ✗
[228/346] gantt-chart-generator
  zh... ✗  ja... ✗  ko... ✗  es... ✗  pt... ✗  fr... ✗  de... ✗  ru... ✓  ar... ✓
[229/346] venn-diagram-generator
  zh... ✓  ja... ✓  ko... ✗  es... ✗  pt... ✗  fr... ✗  de... ✗  ru... ✗  ar... ✗
[230/346] timeline-chart-generator
  zh... ✗  ja... ✗  ko... ✗  es... ✗  pt... ✗  fr... ✗  de... ✗  ru... ✗  ar... ✗
[231/346] nightingale-rose-chart-generator
  zh... ✗  ja... ✗  ko... ✗  es... ✗  pt... ✗  fr... ✓  de... ✓  ru... ✓  ar... ✓
[232/346] grouped-bar-chart-generator
  zh... ✓  ja... ✓  ko... ✓  es... ✓  pt... ✓  fr... ✓  de... ✓  ru... ✗  ar... ✗
[233/346] stacked-bar-chart-generator
  zh... ✗  ja... ✗  ko... ✗  es... ✗  pt... ✗  fr... ✗  de... ✗  ru... ✗  ar... ✗
[234/346] grouped-line-chart-generator
  zh... ✗  ja... ✗  ko... ✗  es... ✗  pt... ✗  fr... ✗  de... ✗  ru... ✗  ar... ✗
[235/346] step-line-chart-generator
  zh... ✗  ja... ✗  ko... ✗  es... ✓  pt... ✓  fr... ✓  de... ✓  ru... ✓  ar... ✓
[236/346] waterfall-chart-generator
  zh... ✓  ja... ✓  ko... ✓  es... ✓  pt... ✓  fr... ✓  de... ✓  ru... ✓  ar... ✓
[237/346] stacked-area-chart-generator
  zh... ✓  ja... ✓  ko... ✓  es... ✓  pt... ✓  fr... ✓  de... ✓  ru... ✓  ar... ✓
[238/346] positive-negative-bar-chart-generator
  zh... ✓  ja... ✓  ko... ✓  es... ✓  pt... ✓  fr... ✓  de... ✓  ru... ✓  ar... ✓
[239/346] percentage-stacked-bar-chart-generator
  zh... ✓  ja... ✗  ko... ✓  es... ✓  pt... ✓  fr... ✓  de... ✓  ru... ✓  ar... ✓
[240/346] mixed-chart-generator
  zh... ✓  ja... ✓  ko... ✓  es... ✓  pt... ✓  fr... ✓  de... ✓  ru... ✓  ar... ✓
[241/346] ring-progress-chart-generator
  zh... ✓  ja... ✗  ko... ✓  es... ✓  pt... ✓  fr... ✓  de... ✓  ru... ✓  ar... ✓
[242/346] liquid-fill-chart-generator
  zh... ✓  ja... ✓  ko... ✓  es... ✓  pt... ✓  fr... ✓  de... ✓  ru... ✓  ar... ✓
[243/346] multi-ring-chart-generator
  zh... ✓  ja... ✓  ko... ✓  es... ✓  pt... ✓  fr... ✓  de... ✓  ru... ✓  ar... ✓
[244/346] half-doughnut-chart-generator
  zh... ✓  ja... ✓  ko... ✓  es... ✓  pt... ✓  fr... ✓  de... ✓  ru... ✓  ar... ✓
[245/346] nested-pie-chart-generator
  zh... ✓  ja... ✓  ko... ✓  es... ✓  pt... ✓  fr... ✓  de... ✓  ru... ✓  ar... ✓
[246/346] pictorial-bar-chart-generator
  zh... ✓  ja... ✓  ko... ✓  es... ✓  pt... ✓  fr... ✓  de... ✓  ru... ✓  ar... ✓
[247/346] env-parser
  zh... ✓  ja... ✓  ko... ✓  es... ✓  pt... ✓  fr... ✓  de... ✓  ru... ✓  ar... ✓
[248/346] json-schema-generator
  zh... ✓  ja... ✓  ko... ✓  es... ✓  pt... ✓  fr... ✓  de... ✓  ru... ✓  ar... ✓
[249/346] time-calculator
  zh... ✓  ja... ✓  ko... ✓  es... ✓  pt... ✓  fr... ✓  de... ✓  ru... ✓  ar... ✓
[250/346] batch-timestamp-converter
  zh... ✓  ja... ✓  ko... ✓  es... ✓  pt... ✓  fr... ✓  de... ✓  ru... ✓  ar... ✓
[251/346] regex-visualizer
  zh... ✓  ja... ✓  ko... ✓  es... ✓  pt... ✓  fr... ✓  de... ✓  ru... ✓  ar... ✓
[252/346] crontab-calendar
  zh... ✓  ja... ✓  ko... ✓  es... ✓  pt... ✓  fr... ✓  de... ✓  ru... ✓  ar... ✓
[253/346] fake-data-generator
  zh... ✓  ja... ✓  ko... ✓  es... ✓  pt... ✓  fr... ✓  de... ✓  ru... ✓  ar... ✓
[254/346] image-collage
  zh... ✓  ja... ✓  ko... ✓  es... ✓  pt... ✓  fr... ✓  de... ✓  ru... ✓  ar... ✓
[255/346] image-splitter
  zh... ✓  ja... ✓  ko... ✓  es... ✓  pt... ✓  fr... ✓  de... ✓  ru... ✓  ar... ✓
[256/346] image-rounder
  zh... ✓  ja... ✓  ko... ✓  es... ✓  pt... ✓  fr... ✓  de... ✓  ru... ✓  ar... ✓
[257/346] image-border
  zh... ✓  ja... ✓  ko... ✓  es... ✓  pt... ✓  fr... ✓  de... ✓  ru... ✓  ar... ✓
[258/346] image-flip-rotate
  zh... ✓  ja... ✓  ko... ✓  es... ✓  pt... ✓  fr... ✓  de... ✓  ru... ✓  ar... ✓
[259/346] image-adjustment
  zh... ✓  ja... ✓  ko... ✗  es... ✗  pt... ✓  fr... ✓  de... ✓  ru... ✓  ar... ✓
[260/346] image-frosted-glass
  zh... ✓  ja... ✓  ko... ✓  es... ✓  pt... ✓  fr... ✓  de... ✓  ru... ✓  ar... ✗
[261/346] image-to-ico
  zh... ✗  ja... ✗  ko... ✗  es... ✗  pt... ✗  fr... ✗  de... ✗  ru... ✗  ar... ✗
[262/346] gif-maker
  zh... ✗  ja... ✗  ko... ✗  es... ✓  pt... ✓  fr... ✓  de... ✓  ru... ✓  ar... ✓
[263/346] gif-splitter
  zh... ✗  ja... ✗  ko... ✗  es... ✗  pt... ✗  fr... ✗  de... ✗  ru... ✗  ar... ✗
[264/346] gif-compressor
  zh... ✗  ja... ✗  ko... ✗  es... ✗  pt... ✗  fr... ✗  de... ✗  ru... ✓  ar... ✓
[265/346] image-to-webp
  zh... ✓  ja... ✓  ko... ✓  es... ✓  pt... ✗  fr... ✓  de... ✓  ru... ✓  ar... ✓
[266/346] exif-viewer
  zh... ✓  ja... ✓  ko... ✗  es... ✗  pt... ✗  fr... ✗  de... ✓  ru... ✓  ar... ✓
[267/346] color-extractor
  zh... ✓  ja... ✓  ko... ✓  es... ✓  pt... ✓  fr... ✓  de... ✓  ru... ✓  ar... ✓
[268/346] invoice-generator
  zh... ✓  ja... ✓  ko... ✓  es... ✓  pt... ✓  fr... ✓  de... ✗  ru... ✗  ar... ✗
[269/346] resume-builder
  zh... ✗  ja... ✗  ko... ✗  es... ✗  pt... ✗  fr... ✗  de... ✗  ru... ✗  ar... ✗
[270/346] signature-pad
  zh... ✗  ja... ✗  ko... ✗  es... ✗  pt... ✗  fr... ✗  de... ✗  ru... ✗  ar... ✗
[271/346] pomodoro-timer
  zh... ✗  ja... ✗  ko... ✗  es... ✗  pt... ✗  fr... ✗  de... ✗  ru... ✗  ar... ✗
[272/346] meeting-notes
  zh... ✗  ja... ✓  ko... ✓  es... ✓  pt... ✓  fr... ✓  de... ✓  ru... ✗  ar... ✗
[273/346] business-days-calculator
  zh... ✗  ja... ✗  ko... ✗  es... ✗  pt... ✗  fr... ✗  de... ✗  ru... ✗  ar... ✗
[274/346] salary-calculator
  zh... ✗  ja... ✗  ko... ✗  es... ✗  pt... ✗  fr... ✗  de... ✗  ru... ✗  ar... ✗
[275/346] excel-to-json
  zh... ✗  ja... ✗  ko... ✗  es... ✗  pt... ✗  fr... ✗  de... ✗  ru... ✗  ar... ✗
[276/346] json-to-excel
  zh... ✗  ja... ✗  ko... ✗  es... ✗  pt... ✗  fr... ✗  de... ✗  ru... ✓  ar... ✓
[277/346] excel-viewer
  zh... ✓  ja... ✓  ko... ✓  es... ✓  pt... ✓  fr... ✗  de... ✗  ru... ✗  ar... ✗
[278/346] excel-merger
  zh... ✗  ja... ✗  ko... ✗  es... ✗  pt... ✗  fr... ✗  de... ✗  ru... ✗  ar... ✗
[279/346] pdf-to-image
  zh... ✗  ja... ✗  ko... ✗  es... ✗  pt... ✗  fr... ✗  de... ✗  ru... ✗  ar... ✗
[280/346] image-to-pdf
  zh... ✗  ja... ✗  ko... ✗  es... ✗  pt... ✗  fr... ✓  de... ✓  ru... ✓  ar... ✓
[281/346] pdf-merger
  zh... ✓  ja... ✓  ko... ✗  es... ✗  pt... ✗  fr... ✗  de... ✗  ru... ✗  ar... ✗
[282/346] pdf-splitter
  zh... ✗  ja... ✗  ko... ✗  es... ✗  pt... ✗  fr... ✗  de... ✗  ru... ✗  ar... ✗
[283/346] pdf-compressor
  zh... ✗  ja... ✗  ko... ✗  es... ✗  pt... ✗  fr... ✗  de... ✗  ru... ✗  ar... ✗
[284/346] pdf-rotator
  zh... ✗  ja... ✗  ko... ✗  es... ✗  pt... ✗  fr... ✗  de... ✗  ru... ✗  ar... ✗
[285/346] markdown-editor
  zh... ✗  ja... ✗  ko... ✗  es... ✗  pt... ✗  fr... ✗  de... ✗  ru... ✗  ar... ✗
[286/346] world-clock
  zh... ✗  ja... ✗  ko... ✗  es... ✗  pt... ✗  fr... ✗  de... ✗  ru... ✗  ar... ✗
[287/346] stopwatch
  zh... ✗  ja... ✗  ko... ✗  es... ✓  pt... ✓  fr... ✓  de... ✓  ru... ✓  ar... ✓
[288/346] countdown-timer
  zh... ✓  ja... ✓  ko... ✓  es... ✓  pt... ✓  fr... ✓  de... ✓  ru... ✓  ar... ✓
[289/346] note-pad
  zh... ✓  ja... ✓  ko... ✓  es... ✓  pt... ✓  fr... ✓  de... ✓  ru... ✓  ar... ✓
[290/346] pdf-to-text
  zh... ✓  ja... ✓  ko... ✓  es... ✓  pt... ✓  fr... ✓  de... ✓  ru... ✗  ar... ✗
[291/346] word-to-txt
  zh... ✗  ja... ✗  ko... ✗  es... ✗  pt... ✗  fr... ✗  de... ✗  ru... ✗  ar... ✗
[292/346] word-to-html
  zh... ✗  ja... ✗  ko... ✗  es... ✗  pt... ✗  fr... ✓  de... ✓  ru... ✓  ar... ✓
[293/346] excel-to-csv
  zh... ✓  ja... ✓  ko... ✓  es... ✗  pt... ✗  fr... ✗  de... ✗  ru... ✗  ar... ✗
[294/346] csv-to-excel
  zh... ✗  ja... ✗  ko... ✗  es... ✗  pt... ✗  fr... ✗  de... ✗  ru... ✗  ar... ✗
[295/346] loan-calculator
  zh... ✗  ja... ✗  ko... ✗  es... ✗  pt... ✗  fr... ✗  de... ✗  ru... ✗  ar... ✗
[296/346] bmi-calculator
  zh... ✗  ja... ✗  ko... ✗  es... ✗  pt... ✗  fr... ✗  de... ✗  ru... ✓  ar... ✓
[297/346] age-calculator
  zh... ✓  ja... ✓  ko... ✓  es... ✓  pt... ✓  fr... ✗  de... ✗  ru... ✗  ar... ✗
[298/346] tip-calculator
  zh... ✗  ja... ✗  ko... ✓  es... ✓  pt... ✓  fr... ✓  de... ✓  ru... ✓  ar... ✓
[299/346] discount-calculator
  zh... ✗  ja... ✗  ko... ✗  es... ✗  pt... ✗  fr... ✗  de... ✗  ru... ✗  ar... ✗
[300/346] compound-interest-calculator
  zh... ✗  ja... ✗  ko... ✗  es... ✗  pt... ✗  fr... ✗  de... ✓  ru... ✓  ar... ✓
[301/346] binary-calculator
  zh... ✓  ja... ✓  ko... ✓  es... ✗  pt... ✗  fr... ✗  de... ✗  ru... ✗  ar... ✗
[302/346] hex-calculator
  zh... ✗  ja... ✗  ko... ✗  es... ✗  pt... ✗  fr... ✗  de... ✓  ru... ✓  ar... ✓
[303/346] ip-subnet-calculator
  zh... ✓  ja... ✓  ko... ✓  es... ✓  pt... ✓  fr... ✓  de... ✓  ru... ✓  ar... ✓
[304/346] aspect-ratio-calculator-enhanced
  zh... ✓  ja... ✓  ko... ✓  es... ✓  pt... ✓  fr... ✓  de... ✓  ru... ✓  ar... ✓
[305/346] chinese-lorem-ipsum
  zh... ✓  ja... ✓  ko... ✓  es... ✓  pt... ✓  fr... ✓  de... ✓  ru... ✗  ar... ✗
[306/346] text-to-image
  zh... ✗  ja... ✗  ko... ✗  es... ✗  pt... ✗  fr... ✗  de... ✗  ru... ✗  ar... ✗
[307/346] text-to-handwriting
  zh... ✗  ja... ✗  ko... ✗  es... ✓  pt... ✓  fr... ✓  de... ✓  ru... ✓  ar... ✓
[308/346] screen-resolution-tester
  zh... ✗  ja... ✗  ko... ✗  es... ✗  pt... ✗  fr... ✗  de... ✗  ru... ✗  ar... ✗
[309/346] keyboard-tester
  zh... ✗  ja... ✗  ko... ✗  es... ✗  pt... ✗  fr... ✗  de... ✗  ru... ✗  ar... ✗
[310/346] typing-speed-test
  zh... ✗  ja... ✗  ko... ✗  es... ✗  pt... ✗  fr... ✗  de... ✗  ru... ✗  ar... ✗
[311/346] morse-code-player
  zh... ✗  ja... ✗  ko... ✗  es... ✗  pt... ✗  fr... ✗  de... ✗  ru... ✗  ar... ✗
[312/346] currency-converter
  zh... ✗  ja... ✗  ko... ✗  es... ✗  pt... ✗  fr... ✗  de... ✓  ru... ✓  ar... ✓
[313/346] roi-calculator
  zh... ✓  ja... ✓  ko... ✓  es... ✗  pt... ✗  fr... ✗  de... ✗  ru... ✗  ar... ✗
[314/346] mortgage-calculator
  zh... ✓  ja... ✓  ko... ✓  es... ✓  pt... ✓  fr... ✓  de... ✓  ru... ✓  ar... ✓
[315/346] tax-calculator
  zh... ✓  ja... ✓  ko... ✓  es... ✓  pt... ✓  fr... ✓  de... ✓  ru... ✓  ar... ✓
[316/346] calorie-calculator
  zh... ✓  ja... ✓  ko... ✓  es... ✓  pt... ✓  fr... ✓  de... ✓  ru... ✓  ar... ✓
[317/346] water-intake-calculator
  zh... ✓  ja... ✓  ko... ✓  es... ✓  pt... ✓  fr... ✓  de... ✓  ru... ✓  ar... ✓
[318/346] sleep-calculator
  zh... ✓  ja... ✓  ko... ✓  es... ✓  pt... ✓  fr... ✗  de... ✗  ru... ✗  ar... ✗
[319/346] due-date-calculator
  zh... ✗  ja... ✗  ko... ✗  es... ✗  pt... ✗  fr... ✗  de... ✗  ru... ✗  ar... ✗
[320/346] love-calculator
  zh... ✗  ja... ✗  ko... ✗  es... ✗  pt... ✗  fr... ✗  de... ✗  ru... ✗  ar... ✗
[321/346] decision-wheel
  zh... ✗  ja... ✗  ko... ✗  es... ✗  pt... ✓  fr... ✓  de... ✓  ru... ✓  ar... ✓
[322/346] name-generator
  zh... ✓  ja... ✗  ko... ✗  es... ✗  pt... ✗  fr... ✗  de... ✗  ru... ✗  ar... ✗
[323/346] random-picker
  zh... ✗  ja... ✗  ko... ✗  es... ✗  pt... ✗  fr... ✗  de... ✗  ru... ✗  ar... ✗
[324/346] coin-flipper
  zh... ✗  ja... ✗  ko... ✗  es... ✗  pt... ✗  fr... ✗  de... ✗  ru... ✗  ar... ✗
[325/346] dice-roller
  zh... ✗  ja... ✗  ko... ✗  es... ✗  pt... ✗  fr... ✗  de... ✗  ru... ✗  ar... ✗
[326/346] team-generator
  zh... ✗  ja... ✗  ko... ✗  es... ✗  pt... ✗  fr... ✗  de... ✗  ru... ✗  ar... ✗
[327/346] countdown-days-calculator
  zh... ✗  ja... ✗  ko... ✗  es... ✗  pt... ✗  fr... ✗  de... ✗  ru... ✗  ar... ✗
[328/346] fuel-cost-calculator
  zh... ✗  ja... ✗  ko... ✗  es... ✗  pt... ✗  fr... ✗  de... ✗  ru... ✗  ar... ✗
[329/346] electricity-cost-calculator
  zh... ✗  ja... ✗  ko... ✗  es... ✗  pt... ✗  fr... ✗  de... ✗  ru... ✗  ar... ✗
[330/346] gpa-calculator
  zh... ✗  ja... ✗  ko... ✓  es... ✓  pt... ✓  fr... ✓  de... ✓  ru... ✗  ar... ✗
[331/346] pace-calculator
  zh... ✗  ja... ✗  ko... ✗  es... ✗  pt... ✗  fr... ✗  de... ✗  ru... ✗  ar... ✗
[332/346] shoe-size-converter
  zh... ✗  ja... ✗  ko... ✗  es... ✗  pt... ✗  fr... ✗  de... ✗  ru... ✗  ar... ✗
[333/346] ring-size-calculator
  zh... ✗  ja... ✗  ko... ✗  es... ✗  pt... ✗  fr... ✗  de... ✗  ru... ✗  ar... ✗
[334/346] bra-size-calculator
  zh... ✗  ja... ✗  ko... ✗  es... ✗  pt... ✗  fr... ✗  de... ✗  ru... ✗  ar... ✗
[335/346] concrete-calculator
  zh... ✗  ja... ✗  ko... ✗  es... ✗  pt... ✗  fr... ✗  de... ✓  ru... ✓  ar... ✓
[336/346] paint-calculator
  zh... ✓  ja... ✓  ko... ✓  es... ✗  pt... ✗  fr... ✗  de... ✗  ru... ✗  ar... ✗
[337/346] tile-calculator
  zh... ✗  ja... ✗  ko... ✗  es... ✗  pt... ✗  fr... ✗  de... ✗  ru... ✗  ar... ✓
[338/346] instagram-font-generator
  zh... ✓  ja... ✓  ko... ✓  es... ✓  pt... ✓  fr... ✗  de... ✗  ru... ✗  ar... ✗
[339/346] social-media-size-guide
  zh... ✗  ja... ✗  ko... ✗  es... ✗  pt... ✗  fr... ✗  de... ✗  ru... ✗  ar... ✗
[340/346] keyword-density-checker
  zh... ✗  ja... ✗  ko... ✗  es... ✗  pt... ✗  fr... ✗  de... ✗  ru... ✗  ar... ✗
[341/346] text-summarizer
  zh... ✗  ja... ✗  ko... ✗  es... ✗  pt... ✗  fr... ✓  de... ✓  ru... ✓  ar... ✓
[342/346] paraphrase-tool
  zh... ✓  ja... ✓  ko... ✗  es... ✗  pt... ✗  fr... ✗  de... ✗  ru... ✗  ar... ✗
[343/346] graphql-formatter
  zh... ✗  ja... ✗  ko... ✗  es... ✗  pt... ✗  fr... ✗  de... ✗  ru... ✗  ar... ✗
[344/346] code-screenshot-generator
  zh... ✗  ja... ✗  ko... ✗  es... ✗  pt... ✗  fr... ✗  de... ✗  ru... ✗  ar... ✗
[345/346] number-system-converter
  zh... ✗  ja... ✗  ko... ✗  es... ✗  pt... ✓  fr... ✓  de... ✓  ru... ✓  ar... ✓
[346/346] subnet-calculator-enhanced
  zh... ✓  ja... ✗  ko... ✗  es... ✗  pt... ✗  fr... ✗  de... ✗  ru... ✗  ar... ✗

📊 完成:
   成功: 674
   失败: 919

📋 后续步骤:
   npx tsx scripts/split-translations.ts
