[dotenv@17.2.3] injecting env (14) from .env.local -- tip: ✅ audit secrets and track compliance: https://dotenvx.com/ops
🔄 重试翻译 128 个工具
📦 使用模型: THUDM/glm-4-9b-chat

[1/128] packageJson
  zh... ✓  ja... ✓  ko... ✓  es... ✓  pt... ✓  fr... ✓  de... ✓  ru... ✓  ar... ✓
[2/128] hash-generator
  zh... ✓  ja... ✓  ko... ✓  es... ✓  pt... ✓  fr... ✓  de... ✓  ru... ✓  ar... ✓
[3/128] qr-generator
  zh... ✓  ja... ✓  ko... ✓  es... ✓  pt... ✓  fr... ✓  de... ✓  ru... ✓  ar... ✓
[4/128] color-converter
  zh... ✓  ja... ✓  ko... ✓  es... ✓  pt... ✓  fr... ✓  de... ✓  ru... ✓  ar... ✓
[5/128] timestamp-converter
  zh... ✓  ja... ✓  ko... ✓  es... ✓  pt... ✓  fr... ✓  de... ✓  ru... ✓  ar... ✓
[6/128] case-converter
  zh... ✓  ja... ✓  ko... ✓  es... ✓  pt... ✓  fr... ✓  de... ✓  ru... ✓  ar... ✓
[7/128] base32
  zh... ✓  ja... ✓  ko... ✓  es... ✓  pt... ✓  fr... ✓  de... ✓  ru... ✓  ar... ✓
[8/128] data-uri
  zh... ✓  ja... ✓  ko... ✓  es... ✓  pt... ✓  fr... ✓  de... ✓  ru... ✓  ar... ✓
[9/128] text-compare
  zh... ✓  ja... ✓  ko... ✓  es... ✓  pt... ✓  fr... ✓  de... ✓  ru... ✓  ar... ✓
[10/128] uuid-validator
  zh... ✓  ja... ✓  ko... ✓  es...